Archive member included to satisfy reference by file (symbol)

/usr/lib/gcc/arm-none-eabi/10.3.1/thumb/v6-m/nofp/libgcc.a(_dvmd_tls.o)
                              CMakeFiles/rp2040_dmx.dir/home/userdell/Desktop/dma_pio/pico-sdk/src/rp2_common/pico_divider/divider.S.obj (__aeabi_idiv0)
/usr/lib/gcc/arm-none-eabi/10.3.1/../../../arm-none-eabi/lib/thumb/v6-m/nofp/libc.a(lib_a-atexit.o)
                              /usr/lib/gcc/arm-none-eabi/10.3.1/../../../arm-none-eabi/lib/thumb/v6-m/nofp/crt0.o (atexit)
/usr/lib/gcc/arm-none-eabi/10.3.1/../../../arm-none-eabi/lib/thumb/v6-m/nofp/libc.a(lib_a-calloc.o)
                              CMakeFiles/rp2040_dmx.dir/home/userdell/Desktop/dma_pio/pico-sdk/src/rp2_common/pico_malloc/pico_malloc.c.obj (calloc)
/usr/lib/gcc/arm-none-eabi/10.3.1/../../../arm-none-eabi/lib/thumb/v6-m/nofp/libc.a(lib_a-callocr.o)
                              /usr/lib/gcc/arm-none-eabi/10.3.1/../../../arm-none-eabi/lib/thumb/v6-m/nofp/libc.a(lib_a-calloc.o) (_calloc_r)
/usr/lib/gcc/arm-none-eabi/10.3.1/../../../arm-none-eabi/lib/thumb/v6-m/nofp/libc.a(lib_a-fini.o)
                              /usr/lib/gcc/arm-none-eabi/10.3.1/../../../arm-none-eabi/lib/thumb/v6-m/nofp/crt0.o (__libc_fini_array)
/usr/lib/gcc/arm-none-eabi/10.3.1/../../../arm-none-eabi/lib/thumb/v6-m/nofp/libc.a(lib_a-impure.o)
                              /usr/lib/gcc/arm-none-eabi/10.3.1/../../../arm-none-eabi/lib/thumb/v6-m/nofp/libc.a(lib_a-calloc.o) (_impure_ptr)
/usr/lib/gcc/arm-none-eabi/10.3.1/../../../arm-none-eabi/lib/thumb/v6-m/nofp/libc.a(lib_a-init.o)
                              /usr/lib/gcc/arm-none-eabi/10.3.1/../../../arm-none-eabi/lib/thumb/v6-m/nofp/crt0.o (__libc_init_array)
/usr/lib/gcc/arm-none-eabi/10.3.1/../../../arm-none-eabi/lib/thumb/v6-m/nofp/libc.a(lib_a-malloc.o)
                              CMakeFiles/rp2040_dmx.dir/home/userdell/Desktop/dma_pio/pico-sdk/src/rp2_common/pico_malloc/pico_malloc.c.obj (malloc)
/usr/lib/gcc/arm-none-eabi/10.3.1/../../../arm-none-eabi/lib/thumb/v6-m/nofp/libc.a(lib_a-mallocr.o)
                              /usr/lib/gcc/arm-none-eabi/10.3.1/../../../arm-none-eabi/lib/thumb/v6-m/nofp/libc.a(lib_a-callocr.o) (_malloc_r)
/usr/lib/gcc/arm-none-eabi/10.3.1/../../../arm-none-eabi/lib/thumb/v6-m/nofp/libc.a(lib_a-mlock.o)
                              /usr/lib/gcc/arm-none-eabi/10.3.1/../../../arm-none-eabi/lib/thumb/v6-m/nofp/libc.a(lib_a-mallocr.o) (__malloc_lock)
/usr/lib/gcc/arm-none-eabi/10.3.1/../../../arm-none-eabi/lib/thumb/v6-m/nofp/libc.a(lib_a-realloc.o)
                              CMakeFiles/rp2040_dmx.dir/home/userdell/Desktop/dma_pio/pico-sdk/src/rp2_common/pico_malloc/pico_malloc.c.obj (realloc)
/usr/lib/gcc/arm-none-eabi/10.3.1/../../../arm-none-eabi/lib/thumb/v6-m/nofp/libc.a(lib_a-reallocr.o)
                              /usr/lib/gcc/arm-none-eabi/10.3.1/../../../arm-none-eabi/lib/thumb/v6-m/nofp/libc.a(lib_a-realloc.o) (_realloc_r)
/usr/lib/gcc/arm-none-eabi/10.3.1/../../../arm-none-eabi/lib/thumb/v6-m/nofp/libc.a(lib_a-sbrkr.o)
                              /usr/lib/gcc/arm-none-eabi/10.3.1/../../../arm-none-eabi/lib/thumb/v6-m/nofp/libc.a(lib_a-mallocr.o) (_sbrk_r)
/usr/lib/gcc/arm-none-eabi/10.3.1/../../../arm-none-eabi/lib/thumb/v6-m/nofp/libc.a(lib_a-strlen-stub.o)
                              CMakeFiles/rp2040_dmx.dir/home/userdell/Desktop/dma_pio/pico-sdk/src/rp2_common/pico_stdio/stdio.c.obj (strlen)
/usr/lib/gcc/arm-none-eabi/10.3.1/../../../arm-none-eabi/lib/thumb/v6-m/nofp/libc.a(lib_a-__atexit.o)
                              /usr/lib/gcc/arm-none-eabi/10.3.1/../../../arm-none-eabi/lib/thumb/v6-m/nofp/libc.a(lib_a-atexit.o) (__register_exitproc)
/usr/lib/gcc/arm-none-eabi/10.3.1/../../../arm-none-eabi/lib/thumb/v6-m/nofp/libc.a(lib_a-freer.o)
                              /usr/lib/gcc/arm-none-eabi/10.3.1/../../../arm-none-eabi/lib/thumb/v6-m/nofp/libc.a(lib_a-malloc.o) (_free_r)
/usr/lib/gcc/arm-none-eabi/10.3.1/../../../arm-none-eabi/lib/thumb/v6-m/nofp/libc.a(lib_a-memmove.o)
                              /usr/lib/gcc/arm-none-eabi/10.3.1/../../../arm-none-eabi/lib/thumb/v6-m/nofp/libc.a(lib_a-reallocr.o) (memmove)
/usr/lib/gcc/arm-none-eabi/10.3.1/../../../arm-none-eabi/lib/thumb/v6-m/nofp/libc.a(lib_a-reent.o)
                              /usr/lib/gcc/arm-none-eabi/10.3.1/../../../arm-none-eabi/lib/thumb/v6-m/nofp/libc.a(lib_a-sbrkr.o) (errno)

Discarded input sections

 .text          0x0000000000000000        0x0 /usr/lib/gcc/arm-none-eabi/10.3.1/thumb/v6-m/nofp/crti.o
 .data          0x0000000000000000        0x0 /usr/lib/gcc/arm-none-eabi/10.3.1/thumb/v6-m/nofp/crti.o
 .bss           0x0000000000000000        0x0 /usr/lib/gcc/arm-none-eabi/10.3.1/thumb/v6-m/nofp/crti.o
 .data          0x0000000000000000        0x4 /usr/lib/gcc/arm-none-eabi/10.3.1/thumb/v6-m/nofp/crtbegin.o
 .rodata        0x0000000000000000       0x24 /usr/lib/gcc/arm-none-eabi/10.3.1/thumb/v6-m/nofp/crtbegin.o
[...]
Memory Configuration

Name             Origin             Length             Attributes
FLASH            0x0000000010000000 0x0000000000200000 xr
RAM              0x0000000020000000 0x0000000000040000 xrw
SCRATCH_X        0x0000000020040000 0x0000000000001000 xrw
SCRATCH_Y        0x0000000020041000 0x0000000000001000 xrw
*default*        0x0000000000000000 0xffffffffffffffff

Linker script and memory map

LOAD /usr/lib/gcc/arm-none-eabi/10.3.1/thumb/v6-m/nofp/crti.o
LOAD /usr/lib/gcc/arm-none-eabi/10.3.1/thumb/v6-m/nofp/crtbegin.o
LOAD /usr/lib/gcc/arm-none-eabi/10.3.1/../../../arm-none-eabi/lib/thumb/v6-m/nofp/crt0.o

.flash_begin    0x0000000010000000        0x0
                0x0000000010000000                __flash_binary_start = .

.boot2          0x0000000010000000      0x100
                0x0000000010000000                __boot2_start__ = .
 *(.boot2)
 .boot2         0x0000000010000000      0x100 /tmp/cc9wjz55.o
                0x0000000010000100                __boot2_end__ = .
                0x0000000000000001                ASSERT (((__boot2_end__ - __boot2_start__) == 0x100), ERROR: Pico second stage bootloader must be 256 bytes in size)

.text           0x0000000010000100     0x2008
                0x0000000010000100                __logical_binary_start = .
 *(.vectors)
 .vectors       0x0000000010000100       0xd4 CMakeFiles/rp2040_dmx.dir/home/userdell/Desktop/dma_pio/pico-sdk/src/rp2_common/pico_standard_link/crt0.S.obj
                0x0000000010000100                __vectors
                0x0000000010000100                __VECTOR_TABLE
                0x00000000100001c0                isr_invalid
                0x00000000100001c0                __default_isrs_start
                0x00000000100001c2                isr_nmi
                0x00000000100001c4                isr_hardfault
                0x00000000100001c6                isr_svcall
                0x00000000100001c8                isr_pendsv
                0x00000000100001ca                isr_systick
                0x00000000100001cc                isr_irq30
                0x00000000100001cc                __unhandled_user_irq
                0x00000000100001cc                isr_irq13
                0x00000000100001cc                isr_irq27
                0x00000000100001cc                isr_irq31
                0x00000000100001cc                isr_irq5
                0x00000000100001cc                isr_irq11
                0x00000000100001cc                isr_irq23
                0x00000000100001cc                isr_irq18
                0x00000000100001cc                isr_irq28
                0x00000000100001cc                isr_irq19
                0x00000000100001cc                isr_irq0
                0x00000000100001cc                isr_irq6
                0x00000000100001cc                isr_irq22
                0x00000000100001cc                isr_irq17
                0x00000000100001cc                isr_irq14
                0x00000000100001cc                isr_irq2
                0x00000000100001cc                isr_irq10
                0x00000000100001cc                isr_irq8
                0x00000000100001cc                isr_irq24
                0x00000000100001cc                isr_irq1
                0x00000000100001cc                isr_irq7
                0x00000000100001cc                isr_irq21
                0x00000000100001cc                isr_irq20
                0x00000000100001cc                isr_irq15
                0x00000000100001cc                isr_irq25
                0x00000000100001cc                isr_irq4
                0x00000000100001cc                isr_irq16
                0x00000000100001cc                isr_irq29
                0x00000000100001cc                isr_irq26
                0x00000000100001cc                __default_isrs_end
                0x00000000100001cc                isr_irq3
                0x00000000100001cc                isr_irq12
                0x00000000100001cc                isr_irq9
                0x00000000100001d2                unhandled_user_irq_num_in_r0
 *(.binary_info_header)
 .binary_info_header
                0x00000000100001d4       0x14 CMakeFiles/rp2040_dmx.dir/home/userdell/Desktop/dma_pio/pico-sdk/src/rp2_common/pico_standard_link/crt0.S.obj
                0x00000000100001e8                __binary_info_header_end = .
 *(.reset)
 .reset         0x00000000100001e8       0xa8 CMakeFiles/rp2040_dmx.dir/home/userdell/Desktop/dma_pio/pico-sdk/src/rp2_common/pico_standard_link/crt0.S.obj
                0x00000000100001e8                _entry_point
                0x0000000010000266                __get_current_exception
 .reset         0x0000000010000290       0x30 CMakeFiles/rp2040_dmx.dir/home/userdell/Desktop/dma_pio/pico-sdk/src/rp2_common/pico_standard_link/binary_info.c.obj
 *(.init)
 .init          0x00000000100002c0        0x4 /usr/lib/gcc/arm-none-eabi/10.3.1/thumb/v6-m/nofp/crti.o
                0x00000000100002c0                _init
 *(EXCLUDE_FILE(*libm.a: *libc.a:*lib_a-mem*.o *libgcc.a:) .text*)
 .text          0x00000000100002c4       0x98 /usr/lib/gcc/arm-none-eabi/10.3.1/thumb/v6-m/nofp/crtbegin.o
 .text.dma_handler
                0x000000001000035c       0x70 CMakeFiles/rp2040_dmx.dir/main.c.obj
                0x000000001000035c                dma_handler
 .text.startup.main
                0x00000000100003cc      0x138 CMakeFiles/rp2040_dmx.dir/main.c.obj
                0x00000000100003cc                main
 .text.gpio_set_function
                0x0000000010000504       0x30 CMakeFiles/rp2040_dmx.dir/home/userdell/Desktop/dma_pio/pico-sdk/src/rp2_common/hardware_gpio/gpio.c.obj
                0x0000000010000504                gpio_set_function
 .text.hw_claim_lock
                0x0000000010000534       0x18 CMakeFiles/rp2040_dmx.dir/home/userdell/Desktop/dma_pio/pico-sdk/src/rp2_common/hardware_claim/claim.c.obj
                0x0000000010000534                hw_claim_lock
 .text.hw_claim_unlock
                0x000000001000054c       0x14 CMakeFiles/rp2040_dmx.dir/home/userdell/Desktop/dma_pio/pico-sdk/src/rp2_common/hardware_claim/claim.c.obj
                0x000000001000054c                hw_claim_unlock
 .text.hw_claim_or_assert
                0x0000000010000560       0x44 CMakeFiles/rp2040_dmx.dir/home/userdell/Desktop/dma_pio/pico-sdk/src/rp2_common/hardware_claim/claim.c.obj
                0x0000000010000560                hw_claim_or_assert
 .text.hw_claim_unused_from_range
                0x00000000100005a4       0x9c CMakeFiles/rp2040_dmx.dir/home/userdell/Desktop/dma_pio/pico-sdk/src/rp2_common/hardware_claim/claim.c.obj
                0x00000000100005a4                hw_claim_unused_from_range
 .text.running_on_fpga
                0x0000000010000640       0x10 CMakeFiles/rp2040_dmx.dir/home/userdell/Desktop/dma_pio/pico-sdk/src/rp2_common/pico_platform/platform.c.obj
                0x0000000010000640                running_on_fpga
 .text.spin_locks_reset
                0x0000000010000650       0x1c CMakeFiles/rp2040_dmx.dir/home/userdell/Desktop/dma_pio/pico-sdk/src/rp2_common/hardware_sync/sync.c.obj
                0x0000000010000650                spin_locks_reset
 .text.next_striped_spin_lock_num
                0x000000001000066c       0x18 CMakeFiles/rp2040_dmx.dir/home/userdell/Desktop/dma_pio/pico-sdk/src/rp2_common/hardware_sync/sync.c.obj
                0x000000001000066c                next_striped_spin_lock_num
 .text.irq_set_enabled
                0x0000000010000684       0x24 CMakeFiles/rp2040_dmx.dir/home/userdell/Desktop/dma_pio/pico-sdk/src/rp2_common/hardware_irq/irq.c.obj
                0x0000000010000684                irq_set_enabled
 .text.irq_get_vtable_handler
                0x00000000100006a8       0x10 CMakeFiles/rp2040_dmx.dir/home/userdell/Desktop/dma_pio/pico-sdk/src/rp2_common/hardware_irq/irq.c.obj
                0x00000000100006a8                irq_get_vtable_handler
 .text.irq_set_exclusive_handler
                0x00000000100006b8       0x54 CMakeFiles/rp2040_dmx.dir/home/userdell/Desktop/dma_pio/pico-sdk/src/rp2_common/hardware_irq/irq.c.obj
                0x00000000100006b8                irq_set_exclusive_handler
 .text.irq_remove_handler
                0x000000001000070c      0x1b4 CMakeFiles/rp2040_dmx.dir/home/userdell/Desktop/dma_pio/pico-sdk/src/rp2_common/hardware_irq/irq.c.obj
                0x000000001000070c                irq_remove_handler
 .text.irq_add_tail_to_free_list
                0x00000000100008c0       0xb4 CMakeFiles/rp2040_dmx.dir/home/userdell/Desktop/dma_pio/pico-sdk/src/rp2_common/hardware_irq/irq.c.obj
                0x00000000100008c0                irq_add_tail_to_free_list
 .text.irq_init_priorities
                0x0000000010000974       0x24 CMakeFiles/rp2040_dmx.dir/home/userdell/Desktop/dma_pio/pico-sdk/src/rp2_common/hardware_irq/irq.c.obj
                0x0000000010000974                irq_init_priorities
 .text.lock_init
                0x0000000010000998       0x10 CMakeFiles/rp2040_dmx.dir/home/userdell/Desktop/dma_pio/pico-sdk/src/common/pico_sync/lock_core.c.obj
                0x0000000010000998                lock_init
 .text.timer_pool_entry_comparator
                0x00000000100009a8       0x34 CMakeFiles/rp2040_dmx.dir/home/userdell/Desktop/dma_pio/pico-sdk/src/common/pico_time/time.c.obj
                0x00000000100009a8                timer_pool_entry_comparator
 .text.add_alarm_under_lock.isra.0
                0x00000000100009dc      0x100 CMakeFiles/rp2040_dmx.dir/home/userdell/Desktop/dma_pio/pico-sdk/src/common/pico_time/time.c.obj
 .text.alarm_pool_alarm_callback
                0x0000000010000adc      0x1c8 CMakeFiles/rp2040_dmx.dir/home/userdell/Desktop/dma_pio/pico-sdk/src/common/pico_time/time.c.obj
 .text.alarm_pool_init_default
                0x0000000010000ca4       0x64 CMakeFiles/rp2040_dmx.dir/home/userdell/Desktop/dma_pio/pico-sdk/src/common/pico_time/time.c.obj
                0x0000000010000ca4                alarm_pool_init_default
 .text.hardware_alarm_irq_handler
                0x0000000010000d08       0xb8 CMakeFiles/rp2040_dmx.dir/home/userdell/Desktop/dma_pio/pico-sdk/src/rp2_common/hardware_timer/timer.c.obj
 .text.hardware_alarm_claim
                0x0000000010000dc0       0x18 CMakeFiles/rp2040_dmx.dir/home/userdell/Desktop/dma_pio/pico-sdk/src/rp2_common/hardware_timer/timer.c.obj
                0x0000000010000dc0                hardware_alarm_claim
 .text.time_us_64
                0x0000000010000dd8       0x14 CMakeFiles/rp2040_dmx.dir/home/userdell/Desktop/dma_pio/pico-sdk/src/rp2_common/hardware_timer/timer.c.obj
                0x0000000010000dd8                time_us_64
 .text.hardware_alarm_set_callback
                0x0000000010000dec       0x8c CMakeFiles/rp2040_dmx.dir/home/userdell/Desktop/dma_pio/pico-sdk/src/rp2_common/hardware_timer/timer.c.obj
                0x0000000010000dec                hardware_alarm_set_callback
 .text.hardware_alarm_set_target
                0x0000000010000e78       0xe0 CMakeFiles/rp2040_dmx.dir/home/userdell/Desktop/dma_pio/pico-sdk/src/rp2_common/hardware_timer/timer.c.obj
                0x0000000010000e78                hardware_alarm_set_target
 .text.hardware_alarm_cancel
                0x0000000010000f58       0x3c CMakeFiles/rp2040_dmx.dir/home/userdell/Desktop/dma_pio/pico-sdk/src/rp2_common/hardware_timer/timer.c.obj
                0x0000000010000f58                hardware_alarm_cancel
 .text.ph_merge_nodes
                0x0000000010000f94       0x68 CMakeFiles/rp2040_dmx.dir/home/userdell/Desktop/dma_pio/pico-sdk/src/common/pico_util/pheap.c.obj
 .text.ph_post_alloc_init
                0x0000000010000ffc       0x3c CMakeFiles/rp2040_dmx.dir/home/userdell/Desktop/dma_pio/pico-sdk/src/common/pico_util/pheap.c.obj
                0x0000000010000ffc                ph_post_alloc_init
 .text.ph_merge_two_pass
                0x0000000010001038       0x90 CMakeFiles/rp2040_dmx.dir/home/userdell/Desktop/dma_pio/pico-sdk/src/common/pico_util/pheap.c.obj
                0x0000000010001038                ph_merge_two_pass
 .text.ph_remove_any_head
                0x00000000100010c8       0xf8 CMakeFiles/rp2040_dmx.dir/home/userdell/Desktop/dma_pio/pico-sdk/src/common/pico_util/pheap.c.obj
 .text.ph_remove_head
                0x00000000100011c0       0xfc CMakeFiles/rp2040_dmx.dir/home/userdell/Desktop/dma_pio/pico-sdk/src/common/pico_util/pheap.c.obj
                0x00000000100011c0                ph_remove_head
 .text.ph_remove_and_free_node
                0x00000000100012bc       0x7c CMakeFiles/rp2040_dmx.dir/home/userdell/Desktop/dma_pio/pico-sdk/src/common/pico_util/pheap.c.obj
                0x00000000100012bc                ph_remove_and_free_node
 .text.mutex_init
                0x0000000010001338       0x1c CMakeFiles/rp2040_dmx.dir/home/userdell/Desktop/dma_pio/pico-sdk/src/common/pico_sync/mutex.c.obj
                0x0000000010001338                mutex_init
 .text.recursive_mutex_init
                0x0000000010001354       0x1c CMakeFiles/rp2040_dmx.dir/home/userdell/Desktop/dma_pio/pico-sdk/src/common/pico_sync/mutex.c.obj
                0x0000000010001354                recursive_mutex_init
 .text.runtime_init
                0x0000000010001370       0xf0 CMakeFiles/rp2040_dmx.dir/home/userdell/Desktop/dma_pio/pico-sdk/src/rp2_common/pico_runtime/runtime.c.obj
                0x0000000010001370                runtime_init
 .text.exit     0x0000000010001460        0x4 CMakeFiles/rp2040_dmx.dir/home/userdell/Desktop/dma_pio/pico-sdk/src/rp2_common/pico_runtime/runtime.c.obj
                0x0000000010001460                exit
 .text.panic    0x0000000010001464       0x30 CMakeFiles/rp2040_dmx.dir/home/userdell/Desktop/dma_pio/pico-sdk/src/rp2_common/pico_runtime/runtime.c.obj
                0x0000000010001464                panic
 .text.hard_assertion_failure
                0x0000000010001494        0xc CMakeFiles/rp2040_dmx.dir/home/userdell/Desktop/dma_pio/pico-sdk/src/rp2_common/pico_runtime/runtime.c.obj
                0x0000000010001494                hard_assertion_failure
 .text.clocks_init
                0x00000000100014a0      0x2bc CMakeFiles/rp2040_dmx.dir/home/userdell/Desktop/dma_pio/pico-sdk/src/rp2_common/hardware_clocks/clocks.c.obj
                0x00000000100014a0                clocks_init
 .text.clock_get_hz
                0x000000001000175c        0xc CMakeFiles/rp2040_dmx.dir/home/userdell/Desktop/dma_pio/pico-sdk/src/rp2_common/hardware_clocks/clocks.c.obj
                0x000000001000175c                clock_get_hz
 .text.pll_init
                0x0000000010001768       0xb0 CMakeFiles/rp2040_dmx.dir/home/userdell/Desktop/dma_pio/pico-sdk/src/rp2_common/hardware_pll/pll.c.obj
                0x0000000010001768                pll_init
 .text.watchdog_start_tick
                0x0000000010001818       0x10 CMakeFiles/rp2040_dmx.dir/home/userdell/Desktop/dma_pio/pico-sdk/src/rp2_common/hardware_watchdog/watchdog.c.obj
                0x0000000010001818                watchdog_start_tick
 .text.xosc_init
                0x0000000010001828       0x28 CMakeFiles/rp2040_dmx.dir/home/userdell/Desktop/dma_pio/pico-sdk/src/rp2_common/hardware_xosc/xosc.c.obj
                0x0000000010001828                xosc_init
 .text._out_char
                0x0000000010001850       0x10 CMakeFiles/rp2040_dmx.dir/home/userdell/Desktop/dma_pio/pico-sdk/src/rp2_common/pico_printf/printf.c.obj
 .text.weak_raw_vprintf
                0x0000000010001860       0x30 CMakeFiles/rp2040_dmx.dir/home/userdell/Desktop/dma_pio/pico-sdk/src/rp2_common/pico_printf/printf.c.obj
                0x0000000010001860                weak_raw_vprintf
 .text          0x0000000010001890       0x10 CMakeFiles/rp2040_dmx.dir/home/userdell/Desktop/dma_pio/pico-sdk/src/rp2_common/pico_bit_ops/bit_ops_aeabi.S.obj
 .text.rom_func_lookup
                0x00000000100018a0       0x10 CMakeFiles/rp2040_dmx.dir/home/userdell/Desktop/dma_pio/pico-sdk/src/rp2_common/pico_bootrom/bootrom.c.obj
                0x00000000100018a0                rom_func_lookup
 .text.rom_data_lookup
                0x00000000100018b0       0x10 CMakeFiles/rp2040_dmx.dir/home/userdell/Desktop/dma_pio/pico-sdk/src/rp2_common/pico_bootrom/bootrom.c.obj
                0x00000000100018b0                rom_data_lookup
 .text.rom_funcs_lookup
                0x00000000100018c0       0x44 CMakeFiles/rp2040_dmx.dir/home/userdell/Desktop/dma_pio/pico-sdk/src/rp2_common/pico_bootrom/bootrom.c.obj
                0x00000000100018c0                rom_funcs_lookup
 .text.__wrap___aeabi_uidiv
                0x0000000010001904       0x4c CMakeFiles/rp2040_dmx.dir/home/userdell/Desktop/dma_pio/pico-sdk/src/rp2_common/pico_divider/divider.S.obj
                0x0000000010001904                __wrap___aeabi_uidiv
                0x0000000010001904                __wrap___aeabi_uidivmod
                0x0000000010001904                div_u32u32
                0x0000000010001904                divmod_u32u32
                0x000000001000190c                divmod_u32u32_unsafe
                0x0000000010001934                divmod_u32u32_savestate
 .text.__aeabi_double_init
                0x0000000010001950       0x94 CMakeFiles/rp2040_dmx.dir/home/userdell/Desktop/dma_pio/pico-sdk/src/rp2_common/pico_double/double_init_rom.c.obj
                0x0000000010001950                __aeabi_double_init
 .text.double_table_shim_on_use_helper
                0x00000000100019e4       0x2c CMakeFiles/rp2040_dmx.dir/home/userdell/Desktop/dma_pio/pico-sdk/src/rp2_common/pico_double/double_v1_rom_shim.S.obj
                0x00000000100019e4                double_table_shim_on_use_helper
 .text.__wrap___aeabi_farithmetic
                0x0000000010001a10       0x48 CMakeFiles/rp2040_dmx.dir/home/userdell/Desktop/dma_pio/pico-sdk/src/rp2_common/pico_float/float_aeabi.S.obj
                0x0000000010001a10                __wrap___aeabi_frsub
                0x0000000010001a16                __wrap___aeabi_fsub
                0x0000000010001a1c                __wrap___aeabi_fadd
                0x0000000010001a22                __wrap___aeabi_fdiv
                0x0000000010001a4a                __wrap___aeabi_fmul
 .text.__wrap___aeabi_ui2f
                0x0000000010001a58        0xa CMakeFiles/rp2040_dmx.dir/home/userdell/Desktop/dma_pio/pico-sdk/src/rp2_common/pico_float/float_aeabi.S.obj
                0x0000000010001a58                __wrap___aeabi_ui2f
 *fill*         0x0000000010001a62        0x2 
 .text.__wrap___aeabi_i2f
                0x0000000010001a64       0x44 CMakeFiles/rp2040_dmx.dir/home/userdell/Desktop/dma_pio/pico-sdk/src/rp2_common/pico_float/float_aeabi.S.obj
                0x0000000010001a64                __wrap___aeabi_i2f
 .text.__wrap___aeabi_f2uiz
                0x0000000010001aa8        0xc CMakeFiles/rp2040_dmx.dir/home/userdell/Desktop/dma_pio/pico-sdk/src/rp2_common/pico_float/float_aeabi.S.obj
                0x0000000010001aa8                __wrap___aeabi_f2uiz
 .text.__aeabi_float_init
                0x0000000010001ab4       0x64 CMakeFiles/rp2040_dmx.dir/home/userdell/Desktop/dma_pio/pico-sdk/src/rp2_common/pico_float/float_init_rom.c.obj
                0x0000000010001ab4                __aeabi_float_init
 .text.float_table_shim_on_use_helper
                0x0000000010001b18       0x2c CMakeFiles/rp2040_dmx.dir/home/userdell/Desktop/dma_pio/pico-sdk/src/rp2_common/pico_float/float_v1_rom_shim.S.obj
                0x0000000010001b18                float_table_shim_on_use_helper
 .text          0x0000000010001b44       0x10 CMakeFiles/rp2040_dmx.dir/home/userdell/Desktop/dma_pio/pico-sdk/src/rp2_common/pico_mem_ops/mem_ops_aeabi.S.obj
                0x0000000010001b44                __aeabi_mem_init
 .text.memset   0x0000000010001b54        0xc CMakeFiles/rp2040_dmx.dir/home/userdell/Desktop/dma_pio/pico-sdk/src/rp2_common/pico_mem_ops/mem_ops_aeabi.S.obj
                0x0000000010001b54                __wrap_memset
 .text.memcpy   0x0000000010001b60        0xc CMakeFiles/rp2040_dmx.dir/home/userdell/Desktop/dma_pio/pico-sdk/src/rp2_common/pico_mem_ops/mem_ops_aeabi.S.obj
                0x0000000010001b60                __wrap___aeabi_memcpy
                0x0000000010001b60                __wrap_memcpy
 .text.stdio_out_chars_no_crlf
                0x0000000010001b6c       0x10 CMakeFiles/rp2040_dmx.dir/home/userdell/Desktop/dma_pio/pico-sdk/src/rp2_common/pico_stdio/stdio.c.obj
 .text.stdio_out_chars_crlf
                0x0000000010001b7c       0xb4 CMakeFiles/rp2040_dmx.dir/home/userdell/Desktop/dma_pio/pico-sdk/src/rp2_common/pico_stdio/stdio.c.obj
 .text.stdio_put_string.isra.0
                0x0000000010001c30       0xfc CMakeFiles/rp2040_dmx.dir/home/userdell/Desktop/dma_pio/pico-sdk/src/rp2_common/pico_stdio/stdio.c.obj
 .text.__wrap_putchar
                0x0000000010001d2c       0xa0 CMakeFiles/rp2040_dmx.dir/home/userdell/Desktop/dma_pio/pico-sdk/src/rp2_common/pico_stdio/stdio.c.obj
                0x0000000010001d2c                __wrap_putchar
 .text.__wrap_puts
                0x0000000010001dcc       0x3c CMakeFiles/rp2040_dmx.dir/home/userdell/Desktop/dma_pio/pico-sdk/src/rp2_common/pico_stdio/stdio.c.obj
                0x0000000010001dcc                __wrap_puts
 .text.startup._retrieve_unique_id_on_boot
                0x0000000010001e08       0x10 CMakeFiles/rp2040_dmx.dir/home/userdell/Desktop/dma_pio/pico-sdk/src/rp2_common/pico_unique_id/unique_id.c.obj
 .text.flash_get_unique_id
                0x0000000010001e18       0x40 CMakeFiles/rp2040_dmx.dir/home/userdell/Desktop/dma_pio/pico-sdk/src/rp2_common/hardware_flash/flash.c.obj
                0x0000000010001e18                flash_get_unique_id
 .text.dma_claim_unused_channel
                0x0000000010001e58       0x20 CMakeFiles/rp2040_dmx.dir/home/userdell/Desktop/dma_pio/pico-sdk/src/rp2_common/hardware_dma/dma.c.obj
                0x0000000010001e58                dma_claim_unused_channel
 .text.pio_add_program
                0x0000000010001e78       0xc8 CMakeFiles/rp2040_dmx.dir/home/userdell/Desktop/dma_pio/pico-sdk/src/rp2_common/hardware_pio/pio.c.obj
                0x0000000010001e78                pio_add_program
 .text.pio_sm_set_consecutive_pindirs
                0x0000000010001f40       0x84 CMakeFiles/rp2040_dmx.dir/home/userdell/Desktop/dma_pio/pico-sdk/src/rp2_common/hardware_pio/pio.c.obj
                0x0000000010001f40                pio_sm_set_consecutive_pindirs
 .text.pio_sm_init
                0x0000000010001fc4       0x90 CMakeFiles/rp2040_dmx.dir/home/userdell/Desktop/dma_pio/pico-sdk/src/rp2_common/hardware_pio/pio.c.obj
                0x0000000010001fc4                pio_sm_init
 .text          0x0000000010002054       0x5c /usr/lib/gcc/arm-none-eabi/10.3.1/../../../arm-none-eabi/lib/thumb/v6-m/nofp/libc.a(lib_a-strlen-stub.o)
                0x0000000010002054                strlen
 *(.fini)
 .fini          0x00000000100020b0        0x4 /usr/lib/gcc/arm-none-eabi/10.3.1/thumb/v6-m/nofp/crti.o
                0x00000000100020b0                _fini
 *fill*         0x00000000100020b4        0x4 
 .fini.__stub   0x00000000100020b8       0x50 linker stubs
 *crtbegin.o(.ctors)
 *crtbegin?.o(.ctors)
 *(EXCLUDE_FILE(*crtend.o *crtend?.o) .ctors)
 *(SORT_BY_NAME(.ctors.*))
 *(.ctors)
 *crtbegin.o(.dtors)
 *crtbegin?.o(.dtors)
 *(EXCLUDE_FILE(*crtend.o *crtend?.o) .dtors)
 *(SORT_BY_NAME(.dtors.*))
 *(.dtors)
 *(.eh_frame*)
 .eh_frame      0x0000000010002108        0x0 /usr/lib/gcc/arm-none-eabi/10.3.1/thumb/v6-m/nofp/crtbegin.o
                0x0000000010002108                . = ALIGN (0x4)

.glue_7         0x0000000010002108        0x0
 .glue_7        0x0000000010002108        0x0 linker stubs

.glue_7t        0x0000000010002108        0x0
 .glue_7t       0x0000000010002108        0x0 linker stubs

.vfp11_veneer   0x0000000010002108        0x0
 .vfp11_veneer  0x0000000010002108        0x0 linker stubs

.v4_bx          0x0000000010002108        0x0
 .v4_bx         0x0000000010002108        0x0 linker stubs

.iplt           0x0000000010002108        0x0
 .iplt          0x0000000010002108        0x0 /usr/lib/gcc/arm-none-eabi/10.3.1/thumb/v6-m/nofp/crtbegin.o

.rodata         0x0000000010002108       0xec
 *(EXCLUDE_FILE(*libm.a: *libc.a:*lib_a-mem*.o *libgcc.a:) .rodata*)
 .rodata.tx16_program
                0x0000000010002108        0x6 CMakeFiles/rp2040_dmx.dir/main.c.obj
 *fill*         0x000000001000210e        0x2 
 .rodata.tx16_program_instructions
                0x0000000010002110        0x2 CMakeFiles/rp2040_dmx.dir/main.c.obj
 *fill*         0x0000000010002112        0x2 
 .rodata.hardware_alarm_claim.str1.4
                0x0000000010002114       0x22 CMakeFiles/rp2040_dmx.dir/home/userdell/Desktop/dma_pio/pico-sdk/src/rp2_common/hardware_timer/timer.c.obj
 *fill*         0x0000000010002136        0x2 
 .rodata.panic.str1.4
                0x0000000010002138       0x12 CMakeFiles/rp2040_dmx.dir/home/userdell/Desktop/dma_pio/pico-sdk/src/rp2_common/pico_runtime/runtime.c.obj
 *fill*         0x000000001000214a        0x2 
 .rodata.hard_assertion_failure.str1.4
                0x000000001000214c        0xc CMakeFiles/rp2040_dmx.dir/home/userdell/Desktop/dma_pio/pico-sdk/src/rp2_common/pico_runtime/runtime.c.obj
 .rodata.str1.4
                0x0000000010002158       0x40 CMakeFiles/rp2040_dmx.dir/home/userdell/Desktop/dma_pio/pico-sdk/src/rp2_common/pico_standard_link/binary_info.c.obj
 .rodata.__bi_44
                0x0000000010002198        0xc CMakeFiles/rp2040_dmx.dir/home/userdell/Desktop/dma_pio/pico-sdk/src/rp2_common/pico_standard_link/binary_info.c.obj
 .rodata.__bi_75
                0x00000000100021a4        0xc CMakeFiles/rp2040_dmx.dir/home/userdell/Desktop/dma_pio/pico-sdk/src/rp2_common/pico_standard_link/binary_info.c.obj
 .rodata.__bi_81
                0x00000000100021b0        0xc CMakeFiles/rp2040_dmx.dir/home/userdell/Desktop/dma_pio/pico-sdk/src/rp2_common/pico_standard_link/binary_info.c.obj
 .rodata.crlf_str.0
                0x00000000100021bc        0x2 CMakeFiles/rp2040_dmx.dir/home/userdell/Desktop/dma_pio/pico-sdk/src/rp2_common/pico_stdio/stdio.c.obj
 *fill*         0x00000000100021be        0x2 
 .rodata.dma_claim_unused_channel.str1.4
                0x00000000100021c0       0x1e CMakeFiles/rp2040_dmx.dir/home/userdell/Desktop/dma_pio/pico-sdk/src/rp2_common/hardware_dma/dma.c.obj
 *fill*         0x00000000100021de        0x2 
 .rodata.pio_add_program.str1.4
                0x00000000100021e0       0x11 CMakeFiles/rp2040_dmx.dir/home/userdell/Desktop/dma_pio/pico-sdk/src/rp2_common/hardware_pio/pio.c.obj
                0x00000000100021f4                . = ALIGN (0x4)
 *fill*         0x00000000100021f1        0x3 
 *(SORT_BY_ALIGNMENT(SORT_BY_NAME(.flashdata*)))
                0x00000000100021f4                . = ALIGN (0x4)

.rel.dyn        0x00000000100021f4        0x0
 .rel.iplt      0x00000000100021f4        0x0 /usr/lib/gcc/arm-none-eabi/10.3.1/thumb/v6-m/nofp/crtbegin.o

.ARM.extab
 *(.ARM.extab* .gnu.linkonce.armextab.*)
                0x00000000100021f4                __exidx_start = .

.ARM.exidx
 *(.ARM.exidx* .gnu.linkonce.armexidx.*)
                0x00000000100021f4                __exidx_end = .
                0x00000000100021f4                . = ALIGN (0x4)
                0x00000000100021f4                __binary_info_start = .

.binary_info    0x00000000100021f4       0x1c
 *(.binary_info.keep.*)
 .binary_info.keep.__bi_ptr22
                0x00000000100021f4        0x4 CMakeFiles/rp2040_dmx.dir/home/userdell/Desktop/dma_pio/pico-sdk/src/rp2_common/pico_standard_link/binary_info.c.obj
 .binary_info.keep.__bi_ptr30
                0x00000000100021f8        0x4 CMakeFiles/rp2040_dmx.dir/home/userdell/Desktop/dma_pio/pico-sdk/src/rp2_common/pico_standard_link/binary_info.c.obj
 .binary_info.keep.__bi_ptr38
                0x00000000100021fc        0x4 CMakeFiles/rp2040_dmx.dir/home/userdell/Desktop/dma_pio/pico-sdk/src/rp2_common/pico_standard_link/binary_info.c.obj
 .binary_info.keep.__bi_ptr44
                0x0000000010002200        0x4 CMakeFiles/rp2040_dmx.dir/home/userdell/Desktop/dma_pio/pico-sdk/src/rp2_common/pico_standard_link/binary_info.c.obj
 .binary_info.keep.__bi_ptr50
                0x0000000010002204        0x4 CMakeFiles/rp2040_dmx.dir/home/userdell/Desktop/dma_pio/pico-sdk/src/rp2_common/pico_standard_link/binary_info.c.obj
 .binary_info.keep.__bi_ptr75
                0x0000000010002208        0x4 CMakeFiles/rp2040_dmx.dir/home/userdell/Desktop/dma_pio/pico-sdk/src/rp2_common/pico_standard_link/binary_info.c.obj
 .binary_info.keep.__bi_ptr81
                0x000000001000220c        0x4 CMakeFiles/rp2040_dmx.dir/home/userdell/Desktop/dma_pio/pico-sdk/src/rp2_common/pico_standard_link/binary_info.c.obj
 *(.binary_info.*)
                0x0000000010002210                __binary_info_end = .
                0x0000000010002210                . = ALIGN (0x4)
                0x0000000010002210                __etext = .

.ram_vector_table
                0x0000000020000000       0xc0
 *(.ram_vector_table)
 .ram_vector_table
                0x0000000020000000       0xc0 CMakeFiles/rp2040_dmx.dir/home/userdell/Desktop/dma_pio/pico-sdk/src/rp2_common/pico_runtime/runtime.c.obj
                0x0000000020000000                ram_vector_table

.data           0x00000000200000c0      0x2b0 load address 0x0000000010002210
                0x00000000200000c0                __data_start__ = .
 *(vtable)
 *(.time_critical*)
 .time_critical.mutex_enter_blocking
                0x00000000200000c0       0x48 CMakeFiles/rp2040_dmx.dir/home/userdell/Desktop/dma_pio/pico-sdk/src/common/pico_sync/mutex.c.obj
                0x00000000200000c0                mutex_enter_blocking
 .time_critical.mutex_try_enter
                0x0000000020000108       0x44 CMakeFiles/rp2040_dmx.dir/home/userdell/Desktop/dma_pio/pico-sdk/src/common/pico_sync/mutex.c.obj
                0x0000000020000108                mutex_try_enter
 .time_critical.mutex_exit
                0x000000002000014c       0x28 CMakeFiles/rp2040_dmx.dir/home/userdell/Desktop/dma_pio/pico-sdk/src/common/pico_sync/mutex.c.obj
                0x000000002000014c                mutex_exit
 .time_critical.flash_init_boot2_copyout
                0x0000000020000174       0x30 CMakeFiles/rp2040_dmx.dir/home/userdell/Desktop/dma_pio/pico-sdk/src/rp2_common/hardware_flash/flash.c.obj
 .time_critical.flash_enable_xip_via_boot2
                0x00000000200001a4       0x10 CMakeFiles/rp2040_dmx.dir/home/userdell/Desktop/dma_pio/pico-sdk/src/rp2_common/hardware_flash/flash.c.obj
 .time_critical.flash_cs_force
                0x00000000200001b4       0x38 CMakeFiles/rp2040_dmx.dir/home/userdell/Desktop/dma_pio/pico-sdk/src/rp2_common/hardware_flash/flash.c.obj
 .time_critical.flash_do_cmd
                0x00000000200001ec       0xc4 CMakeFiles/rp2040_dmx.dir/home/userdell/Desktop/dma_pio/pico-sdk/src/rp2_common/hardware_flash/flash.c.obj
                0x00000000200001ec                flash_do_cmd
 *(.text*)
 .text          0x00000000200002b0        0x4 /usr/lib/gcc/arm-none-eabi/10.3.1/thumb/v6-m/nofp/libgcc.a(_dvmd_tls.o)
                0x00000000200002b0                __aeabi_ldiv0
                0x00000000200002b0                __aeabi_idiv0
                0x00000000200002b4                . = ALIGN (0x4)
 *(.rodata*)
                0x00000000200002b4                . = ALIGN (0x4)
 *(.data*)
 .data.striped_spin_lock_num
                0x00000000200002b4        0x1 CMakeFiles/rp2040_dmx.dir/home/userdell/Desktop/dma_pio/pico-sdk/src/rp2_common/hardware_sync/sync.c.obj
 *fill*         0x00000000200002b5        0x3 
 .data          0x00000000200002b8       0x48 CMakeFiles/rp2040_dmx.dir/home/userdell/Desktop/dma_pio/pico-sdk/src/rp2_common/hardware_irq/irq_handler_chain.S.obj
                0x00000000200002b8                irq_handler_chain_slots
                0x00000000200002e8                irq_handler_chain_first_slot
                0x00000000200002f2                irq_handler_chain_remove_tail
 .data.default_alarm_pool
                0x0000000020000300       0x18 CMakeFiles/rp2040_dmx.dir/home/userdell/Desktop/dma_pio/pico-sdk/src/common/pico_time/time.c.obj
 .data.default_alarm_pool_heap
                0x0000000020000318       0x10 CMakeFiles/rp2040_dmx.dir/home/userdell/Desktop/dma_pio/pico-sdk/src/common/pico_time/time.c.obj
 *fill*         0x0000000020000328        0x8 
 .data.aeabi_bits_funcs
                0x0000000020000330       0x10 CMakeFiles/rp2040_dmx.dir/home/userdell/Desktop/dma_pio/pico-sdk/src/rp2_common/pico_bit_ops/bit_ops_aeabi.S.obj
                0x0000000020000330                aeabi_bits_funcs
                0x0000000020000340                aeabi_bits_funcs_end
 .data.aeabi_mem_funcs
                0x0000000020000340       0x10 CMakeFiles/rp2040_dmx.dir/home/userdell/Desktop/dma_pio/pico-sdk/src/rp2_common/pico_mem_ops/mem_ops_aeabi.S.obj
                0x0000000020000340                aeabi_mem_funcs
                0x0000000020000350                aeabi_mem_funcs_end
                0x0000000020000350                . = ALIGN (0x4)
 *(.after_data.*)
                0x0000000020000350                . = ALIGN (0x4)
                0x0000000020000350                PROVIDE (__mutex_array_start = .)
 *(SORT_BY_NAME(.mutex_array.*))
 *(.mutex_array)
 .mutex_array   0x0000000020000350        0x8 CMakeFiles/rp2040_dmx.dir/home/userdell/Desktop/dma_pio/pico-sdk/src/rp2_common/pico_stdio/stdio.c.obj
                0x0000000020000358                PROVIDE (__mutex_array_end = .)
                0x0000000020000358                . = ALIGN (0x4)
                0x0000000020000358                PROVIDE (__preinit_array_start = .)
 *(SORT_BY_NAME(.preinit_array.*))
 .preinit_array.00001
                0x0000000020000358        0x4 CMakeFiles/rp2040_dmx.dir/home/userdell/Desktop/dma_pio/pico-sdk/src/rp2_common/pico_mem_ops/mem_ops_aeabi.S.obj
 .preinit_array.00010
                0x000000002000035c        0x4 CMakeFiles/rp2040_dmx.dir/home/userdell/Desktop/dma_pio/pico-sdk/src/rp2_common/pico_bit_ops/bit_ops_aeabi.S.obj
 .preinit_array.00020
                0x0000000020000360        0x4 CMakeFiles/rp2040_dmx.dir/home/userdell/Desktop/dma_pio/pico-sdk/src/rp2_common/pico_double/double_aeabi.S.obj
 .preinit_array.00020
                0x0000000020000364        0x4 CMakeFiles/rp2040_dmx.dir/home/userdell/Desktop/dma_pio/pico-sdk/src/rp2_common/pico_float/float_aeabi.S.obj
 *(.preinit_array)
                0x0000000020000368                PROVIDE (__preinit_array_end = .)
                0x0000000020000368                . = ALIGN (0x4)
                0x0000000020000368                PROVIDE (__init_array_start = .)
 *(SORT_BY_NAME(.init_array.*))
 *(.init_array)
 .init_array    0x0000000020000368        0x4 /usr/lib/gcc/arm-none-eabi/10.3.1/thumb/v6-m/nofp/crtbegin.o
 .init_array    0x000000002000036c        0x4 CMakeFiles/rp2040_dmx.dir/home/userdell/Desktop/dma_pio/pico-sdk/src/rp2_common/pico_unique_id/unique_id.c.obj
                0x0000000020000370                PROVIDE (__init_array_end = .)
                0x0000000020000370                . = ALIGN (0x4)
                0x0000000020000370                PROVIDE (__fini_array_start = .)
 *(SORT_BY_NAME(.fini_array.*))
 *(.fini_array)
                0x0000000020000370                PROVIDE (__fini_array_end = .)
 *(.jcr)
                0x0000000020000370                . = ALIGN (0x4)
                0x0000000020000370                __data_end__ = .

.tm_clone_table
                0x0000000020000370        0x0 load address 0x00000000100024c0
 .tm_clone_table
                0x0000000020000370        0x0 /usr/lib/gcc/arm-none-eabi/10.3.1/thumb/v6-m/nofp/crtbegin.o
 .tm_clone_table
                0x0000000020000370        0x0 /usr/lib/gcc/arm-none-eabi/10.3.1/thumb/v6-m/nofp/crtend.o

.igot.plt       0x0000000020000370        0x0 load address 0x00000000100024c0
 .igot.plt      0x0000000020000370        0x0 /usr/lib/gcc/arm-none-eabi/10.3.1/thumb/v6-m/nofp/crtbegin.o

.uninitialized_data
                0x0000000020000370        0x0 load address 0x00000000100024c0
                0x0000000020000370                . = ALIGN (0x4)
 *(.uninitialized_data*)

.scratch_x      0x0000000020040000        0x0 load address 0x00000000100024c0
                0x0000000020040000                __scratch_x_start__ = .
 *(.scratch_x.*)
                0x0000000020040000                . = ALIGN (0x4)
                0x0000000020040000                __scratch_x_end__ = .
                0x00000000100024c0                __scratch_x_source__ = LOADADDR (.scratch_x)

.scratch_y      0x0000000020041000        0x0 load address 0x00000000100024c0
                0x0000000020041000                __scratch_y_start__ = .
 *(.scratch_y.*)
                0x0000000020041000                . = ALIGN (0x4)
                0x0000000020041000                __scratch_y_end__ = .
                0x00000000100024c0                __scratch_y_source__ = LOADADDR (.scratch_y)

.bss            0x0000000020000370     0x3108
                0x0000000020000370                . = ALIGN (0x4)
                0x0000000020000370                __bss_start__ = .
 *(SORT_BY_ALIGNMENT(SORT_BY_NAME(.bss*)))
 .bss.default_alarm_pool_entries
                0x0000000020000370      0x100 CMakeFiles/rp2040_dmx.dir/home/userdell/Desktop/dma_pio/pico-sdk/src/common/pico_time/time.c.obj
 .bss.sd_table  0x0000000020000470      0x100 CMakeFiles/rp2040_dmx.dir/home/userdell/Desktop/dma_pio/pico-sdk/src/rp2_common/pico_double/double_init_rom.c.obj
                0x0000000020000470                sd_table
 .bss.sf_table  0x0000000020000570      0x100 CMakeFiles/rp2040_dmx.dir/home/userdell/Desktop/dma_pio/pico-sdk/src/rp2_common/pico_float/float_init_rom.c.obj
                0x0000000020000570                sf_table
 .bss.wavetable
                0x0000000020000670     0x2c20 CMakeFiles/rp2040_dmx.dir/main.c.obj
                0x0000000020000670                wavetable
 .bss           0x0000000020003290       0x1c /usr/lib/gcc/arm-none-eabi/10.3.1/thumb/v6-m/nofp/crtbegin.o
 .bss._used_instruction_space
                0x00000000200032ac        0x8 CMakeFiles/rp2040_dmx.dir/home/userdell/Desktop/dma_pio/pico-sdk/src/rp2_common/hardware_pio/pio.c.obj
 .bss.alarm_callbacks
                0x00000000200032b4       0x10 CMakeFiles/rp2040_dmx.dir/home/userdell/Desktop/dma_pio/pico-sdk/src/rp2_common/hardware_timer/timer.c.obj
 .bss.boot2_copyout
                0x00000000200032c4      0x100 CMakeFiles/rp2040_dmx.dir/home/userdell/Desktop/dma_pio/pico-sdk/src/rp2_common/hardware_flash/flash.c.obj
 .bss.configured_freq
                0x00000000200033c4       0x28 CMakeFiles/rp2040_dmx.dir/home/userdell/Desktop/dma_pio/pico-sdk/src/rp2_common/hardware_clocks/clocks.c.obj
 .bss.default_alarm_pool_entry_ids_high
                0x00000000200033ec       0x10 CMakeFiles/rp2040_dmx.dir/home/userdell/Desktop/dma_pio/pico-sdk/src/common/pico_time/time.c.obj
 .bss.default_alarm_pool_heap_nodes
                0x00000000200033fc       0x30 CMakeFiles/rp2040_dmx.dir/home/userdell/Desktop/dma_pio/pico-sdk/src/common/pico_time/time.c.obj
 .bss.dma_chan  0x000000002000342c        0x4 CMakeFiles/rp2040_dmx.dir/main.c.obj
                0x000000002000342c                dma_chan
 .bss.drivers   0x0000000020003430        0x4 CMakeFiles/rp2040_dmx.dir/home/userdell/Desktop/dma_pio/pico-sdk/src/rp2_common/pico_stdio/stdio.c.obj
 .bss.filter    0x0000000020003434        0x4 CMakeFiles/rp2040_dmx.dir/home/userdell/Desktop/dma_pio/pico-sdk/src/rp2_common/pico_stdio/stdio.c.obj
 .bss.lazy_vsnprintf
                0x0000000020003438        0x4 CMakeFiles/rp2040_dmx.dir/home/userdell/Desktop/dma_pio/pico-sdk/src/rp2_common/pico_printf/printf.c.obj
 .bss.pools     0x000000002000343c       0x10 CMakeFiles/rp2040_dmx.dir/home/userdell/Desktop/dma_pio/pico-sdk/src/common/pico_time/time.c.obj
 .bss.retrieved_id
                0x000000002000344c        0x8 CMakeFiles/rp2040_dmx.dir/home/userdell/Desktop/dma_pio/pico-sdk/src/rp2_common/pico_unique_id/unique_id.c.obj
 .bss.sf_clz_func
                0x0000000020003454        0x4 CMakeFiles/rp2040_dmx.dir/home/userdell/Desktop/dma_pio/pico-sdk/src/rp2_common/pico_double/double_init_rom.c.obj
                0x0000000020003454                sf_clz_func
 .bss.sleep_notifier
                0x0000000020003458        0x4 CMakeFiles/rp2040_dmx.dir/home/userdell/Desktop/dma_pio/pico-sdk/src/common/pico_time/time.c.obj
 .bss.target_hi
                0x000000002000345c       0x10 CMakeFiles/rp2040_dmx.dir/home/userdell/Desktop/dma_pio/pico-sdk/src/rp2_common/hardware_timer/timer.c.obj
 .bss._claimed  0x000000002000346c        0x2 CMakeFiles/rp2040_dmx.dir/home/userdell/Desktop/dma_pio/pico-sdk/src/rp2_common/hardware_dma/dma.c.obj
 .bss.bitoffset.2
                0x000000002000346e        0x2 CMakeFiles/rp2040_dmx.dir/main.c.obj
 .bss.chan.1    0x0000000020003470        0x2 CMakeFiles/rp2040_dmx.dir/main.c.obj
 .bss.boot2_copyout_valid
                0x0000000020003472        0x1 CMakeFiles/rp2040_dmx.dir/home/userdell/Desktop/dma_pio/pico-sdk/src/rp2_common/hardware_flash/flash.c.obj
 .bss.claimed   0x0000000020003473        0x1 CMakeFiles/rp2040_dmx.dir/home/userdell/Desktop/dma_pio/pico-sdk/src/rp2_common/hardware_timer/timer.c.obj
 .bss.irq_hander_chain_free_slot_head
                0x0000000020003474        0x1 CMakeFiles/rp2040_dmx.dir/home/userdell/Desktop/dma_pio/pico-sdk/src/rp2_common/hardware_irq/irq.c.obj
 .bss.timer_callbacks_pending
                0x0000000020003475        0x1 CMakeFiles/rp2040_dmx.dir/home/userdell/Desktop/dma_pio/pico-sdk/src/rp2_common/hardware_timer/timer.c.obj
 .bss.universe.3
                0x0000000020003476        0x1 CMakeFiles/rp2040_dmx.dir/main.c.obj
 *(COMMON)
                0x0000000020003478                . = ALIGN (0x4)
 *fill*         0x0000000020003477        0x1 
                0x0000000020003478                __bss_end__ = .

.heap           0x0000000020003478      0x800
                0x0000000020003478                __end__ = .
                0x0000000020003478                end = __end__
 *(.heap*)
 .heap          0x0000000020003478      0x800 CMakeFiles/rp2040_dmx.dir/home/userdell/Desktop/dma_pio/pico-sdk/src/rp2_common/pico_standard_link/crt0.S.obj
                0x0000000020003c78                __HeapLimit = .

.stack1_dummy   0x0000000020040000        0x0
 *(.stack1*)

.stack_dummy    0x0000000020041000      0x800
 *(.stack*)
 .stack         0x0000000020041000      0x800 CMakeFiles/rp2040_dmx.dir/home/userdell/Desktop/dma_pio/pico-sdk/src/rp2_common/pico_standard_link/crt0.S.obj

.flash_end      0x00000000100024c0        0x0
                0x00000000100024c0                __flash_binary_end = .
                0x0000000020040000                __StackLimit = (ORIGIN (RAM) + LENGTH (RAM))
                0x0000000020041000                __StackOneTop = (ORIGIN (SCRATCH_X) + LENGTH (SCRATCH_X))
                0x0000000020042000                __StackTop = (ORIGIN (SCRATCH_Y) + LENGTH (SCRATCH_Y))
                0x0000000020041000                __StackOneBottom = (__StackOneTop - SIZEOF (.stack1_dummy))
                0x0000000020041800                __StackBottom = (__StackTop - SIZEOF (.stack_dummy))
                0x0000000020042000                PROVIDE (__stack = __StackTop)
                0x0000000000000001                ASSERT ((__StackLimit >= __HeapLimit), region RAM overflowed)
                0x0000000000000001                ASSERT (((__binary_info_header_end - __logical_binary_start) <= 0x100), Binary info must be in first 256 bytes of the binary)
LOAD CMakeFiles/rp2040_dmx.dir/main.c.obj
LOAD CMakeFiles/rp2040_dmx.dir/home/userdell/Desktop/dma_pio/pico-sdk/src/rp2_common/pico_stdlib/stdlib.c.obj
LOAD CMakeFiles/rp2040_dmx.dir/home/userdell/Desktop/dma_pio/pico-sdk/src/rp2_common/hardware_gpio/gpio.c.obj
LOAD CMakeFiles/rp2040_dmx.dir/home/userdell/Desktop/dma_pio/pico-sdk/src/rp2_common/hardware_claim/claim.c.obj
LOAD CMakeFiles/rp2040_dmx.dir/home/userdell/Desktop/dma_pio/pico-sdk/src/rp2_common/pico_platform/platform.c.obj
LOAD CMakeFiles/rp2040_dmx.dir/home/userdell/Desktop/dma_pio/pico-sdk/src/rp2_common/hardware_sync/sync.c.obj
LOAD CMakeFiles/rp2040_dmx.dir/home/userdell/Desktop/dma_pio/pico-sdk/src/rp2_common/hardware_irq/irq.c.obj
LOAD CMakeFiles/rp2040_dmx.dir/home/userdell/Desktop/dma_pio/pico-sdk/src/rp2_common/hardware_irq/irq_handler_chain.S.obj
LOAD CMakeFiles/rp2040_dmx.dir/home/userdell/Desktop/dma_pio/pico-sdk/src/common/pico_sync/sem.c.obj
LOAD CMakeFiles/rp2040_dmx.dir/home/userdell/Desktop/dma_pio/pico-sdk/src/common/pico_sync/lock_core.c.obj
LOAD CMakeFiles/rp2040_dmx.dir/home/userdell/Desktop/dma_pio/pico-sdk/src/common/pico_time/time.c.obj
LOAD CMakeFiles/rp2040_dmx.dir/home/userdell/Desktop/dma_pio/pico-sdk/src/common/pico_time/timeout_helper.c.obj
LOAD CMakeFiles/rp2040_dmx.dir/home/userdell/Desktop/dma_pio/pico-sdk/src/rp2_common/hardware_timer/timer.c.obj
LOAD CMakeFiles/rp2040_dmx.dir/home/userdell/Desktop/dma_pio/pico-sdk/src/common/pico_util/datetime.c.obj
LOAD CMakeFiles/rp2040_dmx.dir/home/userdell/Desktop/dma_pio/pico-sdk/src/common/pico_util/pheap.c.obj
LOAD CMakeFiles/rp2040_dmx.dir/home/userdell/Desktop/dma_pio/pico-sdk/src/common/pico_util/queue.c.obj
LOAD CMakeFiles/rp2040_dmx.dir/home/userdell/Desktop/dma_pio/pico-sdk/src/common/pico_sync/mutex.c.obj
LOAD CMakeFiles/rp2040_dmx.dir/home/userdell/Desktop/dma_pio/pico-sdk/src/common/pico_sync/critical_section.c.obj
LOAD CMakeFiles/rp2040_dmx.dir/home/userdell/Desktop/dma_pio/pico-sdk/src/rp2_common/hardware_uart/uart.c.obj
LOAD CMakeFiles/rp2040_dmx.dir/home/userdell/Desktop/dma_pio/pico-sdk/src/rp2_common/hardware_divider/divider.S.obj
LOAD CMakeFiles/rp2040_dmx.dir/home/userdell/Desktop/dma_pio/pico-sdk/src/rp2_common/pico_runtime/runtime.c.obj
LOAD CMakeFiles/rp2040_dmx.dir/home/userdell/Desktop/dma_pio/pico-sdk/src/rp2_common/hardware_clocks/clocks.c.obj
LOAD CMakeFiles/rp2040_dmx.dir/home/userdell/Desktop/dma_pio/pico-sdk/src/rp2_common/hardware_pll/pll.c.obj
LOAD CMakeFiles/rp2040_dmx.dir/home/userdell/Desktop/dma_pio/pico-sdk/src/rp2_common/hardware_vreg/vreg.c.obj
LOAD CMakeFiles/rp2040_dmx.dir/home/userdell/Desktop/dma_pio/pico-sdk/src/rp2_common/hardware_watchdog/watchdog.c.obj
LOAD CMakeFiles/rp2040_dmx.dir/home/userdell/Desktop/dma_pio/pico-sdk/src/rp2_common/hardware_xosc/xosc.c.obj
LOAD CMakeFiles/rp2040_dmx.dir/home/userdell/Desktop/dma_pio/pico-sdk/src/rp2_common/pico_printf/printf.c.obj
LOAD CMakeFiles/rp2040_dmx.dir/home/userdell/Desktop/dma_pio/pico-sdk/src/rp2_common/pico_bit_ops/bit_ops_aeabi.S.obj
LOAD CMakeFiles/rp2040_dmx.dir/home/userdell/Desktop/dma_pio/pico-sdk/src/rp2_common/pico_bootrom/bootrom.c.obj
LOAD CMakeFiles/rp2040_dmx.dir/home/userdell/Desktop/dma_pio/pico-sdk/src/rp2_common/pico_divider/divider.S.obj
LOAD CMakeFiles/rp2040_dmx.dir/home/userdell/Desktop/dma_pio/pico-sdk/src/rp2_common/pico_double/double_aeabi.S.obj
LOAD CMakeFiles/rp2040_dmx.dir/home/userdell/Desktop/dma_pio/pico-sdk/src/rp2_common/pico_double/double_init_rom.c.obj
LOAD CMakeFiles/rp2040_dmx.dir/home/userdell/Desktop/dma_pio/pico-sdk/src/rp2_common/pico_double/double_math.c.obj
LOAD CMakeFiles/rp2040_dmx.dir/home/userdell/Desktop/dma_pio/pico-sdk/src/rp2_common/pico_double/double_v1_rom_shim.S.obj
LOAD CMakeFiles/rp2040_dmx.dir/home/userdell/Desktop/dma_pio/pico-sdk/src/rp2_common/pico_int64_ops/pico_int64_ops_aeabi.S.obj
LOAD CMakeFiles/rp2040_dmx.dir/home/userdell/Desktop/dma_pio/pico-sdk/src/rp2_common/pico_float/float_aeabi.S.obj
LOAD CMakeFiles/rp2040_dmx.dir/home/userdell/Desktop/dma_pio/pico-sdk/src/rp2_common/pico_float/float_init_rom.c.obj
LOAD CMakeFiles/rp2040_dmx.dir/home/userdell/Desktop/dma_pio/pico-sdk/src/rp2_common/pico_float/float_math.c.obj
LOAD CMakeFiles/rp2040_dmx.dir/home/userdell/Desktop/dma_pio/pico-sdk/src/rp2_common/pico_float/float_v1_rom_shim.S.obj
LOAD CMakeFiles/rp2040_dmx.dir/home/userdell/Desktop/dma_pio/pico-sdk/src/rp2_common/pico_malloc/pico_malloc.c.obj
LOAD CMakeFiles/rp2040_dmx.dir/home/userdell/Desktop/dma_pio/pico-sdk/src/rp2_common/pico_mem_ops/mem_ops_aeabi.S.obj
LOAD CMakeFiles/rp2040_dmx.dir/home/userdell/Desktop/dma_pio/pico-sdk/src/rp2_common/pico_standard_link/crt0.S.obj
LOAD CMakeFiles/rp2040_dmx.dir/home/userdell/Desktop/dma_pio/pico-sdk/src/rp2_common/pico_standard_link/new_delete.cpp.obj
LOAD CMakeFiles/rp2040_dmx.dir/home/userdell/Desktop/dma_pio/pico-sdk/src/rp2_common/pico_standard_link/binary_info.c.obj
LOAD CMakeFiles/rp2040_dmx.dir/home/userdell/Desktop/dma_pio/pico-sdk/src/rp2_common/pico_stdio/stdio.c.obj
LOAD CMakeFiles/rp2040_dmx.dir/home/userdell/Desktop/dma_pio/pico-sdk/src/rp2_common/pico_stdio_usb/reset_interface.c.obj
LOAD CMakeFiles/rp2040_dmx.dir/home/userdell/Desktop/dma_pio/pico-sdk/src/rp2_common/pico_stdio_usb/stdio_usb.c.obj
LOAD CMakeFiles/rp2040_dmx.dir/home/userdell/Desktop/dma_pio/pico-sdk/src/rp2_common/pico_stdio_usb/stdio_usb_descriptors.c.obj
LOAD CMakeFiles/rp2040_dmx.dir/home/userdell/Desktop/dma_pio/pico-sdk/lib/tinyusb/src/portable/raspberrypi/rp2040/dcd_rp2040.c.obj
LOAD CMakeFiles/rp2040_dmx.dir/home/userdell/Desktop/dma_pio/pico-sdk/lib/tinyusb/src/portable/raspberrypi/rp2040/rp2040_usb.c.obj
LOAD CMakeFiles/rp2040_dmx.dir/home/userdell/Desktop/dma_pio/pico-sdk/lib/tinyusb/src/device/usbd.c.obj
LOAD CMakeFiles/rp2040_dmx.dir/home/userdell/Desktop/dma_pio/pico-sdk/lib/tinyusb/src/device/usbd_control.c.obj
LOAD CMakeFiles/rp2040_dmx.dir/home/userdell/Desktop/dma_pio/pico-sdk/lib/tinyusb/src/class/audio/audio_device.c.obj
LOAD CMakeFiles/rp2040_dmx.dir/home/userdell/Desktop/dma_pio/pico-sdk/lib/tinyusb/src/class/cdc/cdc_device.c.obj
LOAD CMakeFiles/rp2040_dmx.dir/home/userdell/Desktop/dma_pio/pico-sdk/lib/tinyusb/src/class/dfu/dfu_device.c.obj
LOAD CMakeFiles/rp2040_dmx.dir/home/userdell/Desktop/dma_pio/pico-sdk/lib/tinyusb/src/class/dfu/dfu_rt_device.c.obj
LOAD CMakeFiles/rp2040_dmx.dir/home/userdell/Desktop/dma_pio/pico-sdk/lib/tinyusb/src/class/hid/hid_device.c.obj
LOAD CMakeFiles/rp2040_dmx.dir/home/userdell/Desktop/dma_pio/pico-sdk/lib/tinyusb/src/class/midi/midi_device.c.obj
LOAD CMakeFiles/rp2040_dmx.dir/home/userdell/Desktop/dma_pio/pico-sdk/lib/tinyusb/src/class/msc/msc_device.c.obj
LOAD CMakeFiles/rp2040_dmx.dir/home/userdell/Desktop/dma_pio/pico-sdk/lib/tinyusb/src/class/net/ecm_rndis_device.c.obj
LOAD CMakeFiles/rp2040_dmx.dir/home/userdell/Desktop/dma_pio/pico-sdk/lib/tinyusb/src/class/net/ncm_device.c.obj
LOAD CMakeFiles/rp2040_dmx.dir/home/userdell/Desktop/dma_pio/pico-sdk/lib/tinyusb/src/class/usbtmc/usbtmc_device.c.obj
LOAD CMakeFiles/rp2040_dmx.dir/home/userdell/Desktop/dma_pio/pico-sdk/lib/tinyusb/src/class/vendor/vendor_device.c.obj
LOAD CMakeFiles/rp2040_dmx.dir/home/userdell/Desktop/dma_pio/pico-sdk/lib/tinyusb/src/class/video/video_device.c.obj
LOAD CMakeFiles/rp2040_dmx.dir/home/userdell/Desktop/dma_pio/pico-sdk/lib/tinyusb/src/tusb.c.obj
LOAD CMakeFiles/rp2040_dmx.dir/home/userdell/Desktop/dma_pio/pico-sdk/lib/tinyusb/src/common/tusb_fifo.c.obj
LOAD CMakeFiles/rp2040_dmx.dir/home/userdell/Desktop/dma_pio/pico-sdk/src/rp2_common/pico_fix/rp2040_usb_device_enumeration/rp2040_usb_device_enumeration.c.obj
LOAD CMakeFiles/rp2040_dmx.dir/home/userdell/Desktop/dma_pio/pico-sdk/src/rp2_common/pico_unique_id/unique_id.c.obj
LOAD CMakeFiles/rp2040_dmx.dir/home/userdell/Desktop/dma_pio/pico-sdk/src/rp2_common/hardware_flash/flash.c.obj
LOAD CMakeFiles/rp2040_dmx.dir/home/userdell/Desktop/dma_pio/pico-sdk/src/rp2_common/hardware_dma/dma.c.obj
LOAD CMakeFiles/rp2040_dmx.dir/home/userdell/Desktop/dma_pio/pico-sdk/src/rp2_common/hardware_pio/pio.c.obj
LOAD /tmp/cc9wjz55.o
LOAD /usr/lib/gcc/arm-none-eabi/10.3.1/../../../arm-none-eabi/lib/thumb/v6-m/nofp/libstdc++.a
LOAD /usr/lib/gcc/arm-none-eabi/10.3.1/../../../arm-none-eabi/lib/thumb/v6-m/nofp/libm.a
START GROUP
LOAD /usr/lib/gcc/arm-none-eabi/10.3.1/thumb/v6-m/nofp/libgcc.a
LOAD /usr/lib/gcc/arm-none-eabi/10.3.1/../../../arm-none-eabi/lib/thumb/v6-m/nofp/libc.a
END GROUP
START GROUP
LOAD /usr/lib/gcc/arm-none-eabi/10.3.1/thumb/v6-m/nofp/libgcc.a
LOAD /usr/lib/gcc/arm-none-eabi/10.3.1/../../../arm-none-eabi/lib/thumb/v6-m/nofp/libc.a
LOAD /usr/lib/gcc/arm-none-eabi/10.3.1/../../../arm-none-eabi/lib/thumb/v6-m/nofp/libnosys.a
END GROUP
LOAD /usr/lib/gcc/arm-none-eabi/10.3.1/thumb/v6-m/nofp/crtend.o
LOAD /usr/lib/gcc/arm-none-eabi/10.3.1/thumb/v6-m/nofp/crtn.o
OUTPUT(rp2040_dmx.elf elf32-littlearm)
LOAD linker stubs

.ARM.attributes
                0x0000000000000000       0x28
 .ARM.attributes
                0x0000000000000000       0x1e /usr/lib/gcc/arm-none-eabi/10.3.1/thumb/v6-m/nofp/crti.o
 .ARM.attributes
                0x000000000000001e       0x2c /usr/lib/gcc/arm-none-eabi/10.3.1/thumb/v6-m/nofp/crtbegin.o
 .ARM.attributes
                0x000000000000004a       0x2c CMakeFiles/rp2040_dmx.dir/main.c.obj
 .ARM.attributes
                0x0000000000000076       0x2c CMakeFiles/rp2040_dmx.dir/home/userdell/Desktop/dma_pio/pico-sdk/src/rp2_common/hardware_gpio/gpio.c.obj
 .ARM.attributes
                0x00000000000000a2       0x2c CMakeFiles/rp2040_dmx.dir/home/userdell/Desktop/dma_pio/pico-sdk/src/rp2_common/hardware_claim/claim.c.obj
 .ARM.attributes
                0x00000000000000ce       0x2c CMakeFiles/rp2040_dmx.dir/home/userdell/Desktop/dma_pio/pico-sdk/src/rp2_common/pico_platform/platform.c.obj
 .ARM.attributes
                0x00000000000000fa       0x2c CMakeFiles/rp2040_dmx.dir/home/userdell/Desktop/dma_pio/pico-sdk/src/rp2_common/hardware_sync/sync.c.obj
 .ARM.attributes
                0x0000000000000126       0x2c CMakeFiles/rp2040_dmx.dir/home/userdell/Desktop/dma_pio/pico-sdk/src/rp2_common/hardware_irq/irq.c.obj
 .ARM.attributes
                0x0000000000000152       0x22 CMakeFiles/rp2040_dmx.dir/home/userdell/Desktop/dma_pio/pico-sdk/src/rp2_common/hardware_irq/irq_handler_chain.S.obj
 .ARM.attributes
                0x0000000000000174       0x2c CMakeFiles/rp2040_dmx.dir/home/userdell/Desktop/dma_pio/pico-sdk/src/common/pico_sync/lock_core.c.obj
 .ARM.attributes
                0x00000000000001a0       0x2c CMakeFiles/rp2040_dmx.dir/home/userdell/Desktop/dma_pio/pico-sdk/src/common/pico_time/time.c.obj
 .ARM.attributes
                0x00000000000001cc       0x2c CMakeFiles/rp2040_dmx.dir/home/userdell/Desktop/dma_pio/pico-sdk/src/rp2_common/hardware_timer/timer.c.obj
 .ARM.attributes
                0x00000000000001f8       0x2c CMakeFiles/rp2040_dmx.dir/home/userdell/Desktop/dma_pio/pico-sdk/src/common/pico_util/pheap.c.obj
 .ARM.attributes
                0x0000000000000224       0x2c CMakeFiles/rp2040_dmx.dir/home/userdell/Desktop/dma_pio/pico-sdk/src/common/pico_sync/mutex.c.obj
 .ARM.attributes
                0x0000000000000250       0x2c CMakeFiles/rp2040_dmx.dir/home/userdell/Desktop/dma_pio/pico-sdk/src/rp2_common/pico_runtime/runtime.c.obj
 .ARM.attributes
                0x000000000000027c       0x2c CMakeFiles/rp2040_dmx.dir/home/userdell/Desktop/dma_pio/pico-sdk/src/rp2_common/hardware_clocks/clocks.c.obj
 .ARM.attributes
                0x00000000000002a8       0x2c CMakeFiles/rp2040_dmx.dir/home/userdell/Desktop/dma_pio/pico-sdk/src/rp2_common/hardware_pll/pll.c.obj
 .ARM.attributes
                0x00000000000002d4       0x2c CMakeFiles/rp2040_dmx.dir/home/userdell/Desktop/dma_pio/pico-sdk/src/rp2_common/hardware_watchdog/watchdog.c.obj
 .ARM.attributes
                0x0000000000000300       0x2c CMakeFiles/rp2040_dmx.dir/home/userdell/Desktop/dma_pio/pico-sdk/src/rp2_common/hardware_xosc/xosc.c.obj
 .ARM.attributes
                0x000000000000032c       0x2c CMakeFiles/rp2040_dmx.dir/home/userdell/Desktop/dma_pio/pico-sdk/src/rp2_common/pico_printf/printf.c.obj
 .ARM.attributes
                0x0000000000000358       0x22 CMakeFiles/rp2040_dmx.dir/home/userdell/Desktop/dma_pio/pico-sdk/src/rp2_common/pico_bit_ops/bit_ops_aeabi.S.obj
 .ARM.attributes
                0x000000000000037a       0x2c CMakeFiles/rp2040_dmx.dir/home/userdell/Desktop/dma_pio/pico-sdk/src/rp2_common/pico_bootrom/bootrom.c.obj
 .ARM.attributes
                0x00000000000003a6       0x22 CMakeFiles/rp2040_dmx.dir/home/userdell/Desktop/dma_pio/pico-sdk/src/rp2_common/pico_divider/divider.S.obj
 .ARM.attributes
                0x00000000000003c8       0x22 CMakeFiles/rp2040_dmx.dir/home/userdell/Desktop/dma_pio/pico-sdk/src/rp2_common/pico_double/double_aeabi.S.obj
 .ARM.attributes
                0x00000000000003ea       0x2c CMakeFiles/rp2040_dmx.dir/home/userdell/Desktop/dma_pio/pico-sdk/src/rp2_common/pico_double/double_init_rom.c.obj
 .ARM.attributes
                0x0000000000000416       0x22 CMakeFiles/rp2040_dmx.dir/home/userdell/Desktop/dma_pio/pico-sdk/src/rp2_common/pico_double/double_v1_rom_shim.S.obj
 .ARM.attributes
                0x0000000000000438       0x22 CMakeFiles/rp2040_dmx.dir/home/userdell/Desktop/dma_pio/pico-sdk/src/rp2_common/pico_float/float_aeabi.S.obj
 .ARM.attributes
                0x000000000000045a       0x2c CMakeFiles/rp2040_dmx.dir/home/userdell/Desktop/dma_pio/pico-sdk/src/rp2_common/pico_float/float_init_rom.c.obj
 .ARM.attributes
                0x0000000000000486       0x22 CMakeFiles/rp2040_dmx.dir/home/userdell/Desktop/dma_pio/pico-sdk/src/rp2_common/pico_float/float_v1_rom_shim.S.obj
 .ARM.attributes
                0x00000000000004a8       0x22 CMakeFiles/rp2040_dmx.dir/home/userdell/Desktop/dma_pio/pico-sdk/src/rp2_common/pico_mem_ops/mem_ops_aeabi.S.obj
 .ARM.attributes
                0x00000000000004ca       0x22 CMakeFiles/rp2040_dmx.dir/home/userdell/Desktop/dma_pio/pico-sdk/src/rp2_common/pico_standard_link/crt0.S.obj
 .ARM.attributes
                0x00000000000004ec       0x32 CMakeFiles/rp2040_dmx.dir/home/userdell/Desktop/dma_pio/pico-sdk/src/rp2_common/pico_standard_link/binary_info.c.obj
 .ARM.attributes
                0x000000000000051e       0x2c CMakeFiles/rp2040_dmx.dir/home/userdell/Desktop/dma_pio/pico-sdk/src/rp2_common/pico_stdio/stdio.c.obj
 .ARM.attributes
                0x000000000000054a       0x2c CMakeFiles/rp2040_dmx.dir/home/userdell/Desktop/dma_pio/pico-sdk/src/rp2_common/pico_unique_id/unique_id.c.obj
 .ARM.attributes
                0x0000000000000576       0x2c CMakeFiles/rp2040_dmx.dir/home/userdell/Desktop/dma_pio/pico-sdk/src/rp2_common/hardware_flash/flash.c.obj
 .ARM.attributes
                0x00000000000005a2       0x2c CMakeFiles/rp2040_dmx.dir/home/userdell/Desktop/dma_pio/pico-sdk/src/rp2_common/hardware_dma/dma.c.obj
 .ARM.attributes
                0x00000000000005ce       0x2c CMakeFiles/rp2040_dmx.dir/home/userdell/Desktop/dma_pio/pico-sdk/src/rp2_common/hardware_pio/pio.c.obj
 .ARM.attributes
                0x00000000000005fa       0x22 /tmp/cc9wjz55.o
 .ARM.attributes
                0x000000000000061c       0x1e /usr/lib/gcc/arm-none-eabi/10.3.1/thumb/v6-m/nofp/libgcc.a(_dvmd_tls.o)
 .ARM.attributes
                0x000000000000063a       0x2c /usr/lib/gcc/arm-none-eabi/10.3.1/../../../arm-none-eabi/lib/thumb/v6-m/nofp/libc.a(lib_a-strlen-stub.o)
 .ARM.attributes
                0x0000000000000666       0x2c /usr/lib/gcc/arm-none-eabi/10.3.1/thumb/v6-m/nofp/crtend.o

.comment        0x0000000000000000       0x33
 .comment       0x0000000000000000       0x33 /usr/lib/gcc/arm-none-eabi/10.3.1/thumb/v6-m/nofp/crtbegin.o
                                         0x34 (size before relaxing)
 .comment       0x0000000000000033       0x34 CMakeFiles/rp2040_dmx.dir/main.c.obj
 .comment       0x0000000000000033       0x34 CMakeFiles/rp2040_dmx.dir/home/userdell/Desktop/dma_pio/pico-sdk/src/rp2_common/hardware_gpio/gpio.c.obj
 .comment       0x0000000000000033       0x34 CMakeFiles/rp2040_dmx.dir/home/userdell/Desktop/dma_pio/pico-sdk/src/rp2_common/hardware_claim/claim.c.obj
 .comment       0x0000000000000033       0x34 CMakeFiles/rp2040_dmx.dir/home/userdell/Desktop/dma_pio/pico-sdk/src/rp2_common/pico_platform/platform.c.obj
 .comment       0x0000000000000033       0x34 CMakeFiles/rp2040_dmx.dir/home/userdell/Desktop/dma_pio/pico-sdk/src/rp2_common/hardware_sync/sync.c.obj
 .comment       0x0000000000000033       0x34 CMakeFiles/rp2040_dmx.dir/home/userdell/Desktop/dma_pio/pico-sdk/src/rp2_common/hardware_irq/irq.c.obj
 .comment       0x0000000000000033       0x34 CMakeFiles/rp2040_dmx.dir/home/userdell/Desktop/dma_pio/pico-sdk/src/common/pico_sync/lock_core.c.obj
 .comment       0x0000000000000033       0x34 CMakeFiles/rp2040_dmx.dir/home/userdell/Desktop/dma_pio/pico-sdk/src/common/pico_time/time.c.obj
 .comment       0x0000000000000033       0x34 CMakeFiles/rp2040_dmx.dir/home/userdell/Desktop/dma_pio/pico-sdk/src/rp2_common/hardware_timer/timer.c.obj
 .comment       0x0000000000000033       0x34 CMakeFiles/rp2040_dmx.dir/home/userdell/Desktop/dma_pio/pico-sdk/src/common/pico_util/pheap.c.obj
 .comment       0x0000000000000033       0x34 CMakeFiles/rp2040_dmx.dir/home/userdell/Desktop/dma_pio/pico-sdk/src/common/pico_sync/mutex.c.obj
 .comment       0x0000000000000033       0x34 CMakeFiles/rp2040_dmx.dir/home/userdell/Desktop/dma_pio/pico-sdk/src/rp2_common/pico_runtime/runtime.c.obj
 .comment       0x0000000000000033       0x34 CMakeFiles/rp2040_dmx.dir/home/userdell/Desktop/dma_pio/pico-sdk/src/rp2_common/hardware_clocks/clocks.c.obj
 .comment       0x0000000000000033       0x34 CMakeFiles/rp2040_dmx.dir/home/userdell/Desktop/dma_pio/pico-sdk/src/rp2_common/hardware_pll/pll.c.obj
 .comment       0x0000000000000033       0x34 CMakeFiles/rp2040_dmx.dir/home/userdell/Desktop/dma_pio/pico-sdk/src/rp2_common/hardware_watchdog/watchdog.c.obj
 .comment       0x0000000000000033       0x34 CMakeFiles/rp2040_dmx.dir/home/userdell/Desktop/dma_pio/pico-sdk/src/rp2_common/hardware_xosc/xosc.c.obj
 .comment       0x0000000000000033       0x34 CMakeFiles/rp2040_dmx.dir/home/userdell/Desktop/dma_pio/pico-sdk/src/rp2_common/pico_printf/printf.c.obj
 .comment       0x0000000000000033       0x34 CMakeFiles/rp2040_dmx.dir/home/userdell/Desktop/dma_pio/pico-sdk/src/rp2_common/pico_bootrom/bootrom.c.obj
 .comment       0x0000000000000033       0x34 CMakeFiles/rp2040_dmx.dir/home/userdell/Desktop/dma_pio/pico-sdk/src/rp2_common/pico_double/double_init_rom.c.obj
 .comment       0x0000000000000033       0x34 CMakeFiles/rp2040_dmx.dir/home/userdell/Desktop/dma_pio/pico-sdk/src/rp2_common/pico_float/float_init_rom.c.obj
 .comment       0x0000000000000033       0x34 CMakeFiles/rp2040_dmx.dir/home/userdell/Desktop/dma_pio/pico-sdk/src/rp2_common/pico_standard_link/binary_info.c.obj
 .comment       0x0000000000000033       0x34 CMakeFiles/rp2040_dmx.dir/home/userdell/Desktop/dma_pio/pico-sdk/src/rp2_common/pico_stdio/stdio.c.obj
 .comment       0x0000000000000033       0x34 CMakeFiles/rp2040_dmx.dir/home/userdell/Desktop/dma_pio/pico-sdk/src/rp2_common/pico_unique_id/unique_id.c.obj
 .comment       0x0000000000000033       0x34 CMakeFiles/rp2040_dmx.dir/home/userdell/Desktop/dma_pio/pico-sdk/src/rp2_common/hardware_flash/flash.c.obj
 .comment       0x0000000000000033       0x34 CMakeFiles/rp2040_dmx.dir/home/userdell/Desktop/dma_pio/pico-sdk/src/rp2_common/hardware_dma/dma.c.obj
 .comment       0x0000000000000033       0x34 CMakeFiles/rp2040_dmx.dir/home/userdell/Desktop/dma_pio/pico-sdk/src/rp2_common/hardware_pio/pio.c.obj
 .comment       0x0000000000000033       0x34 /usr/lib/gcc/arm-none-eabi/10.3.1/../../../arm-none-eabi/lib/thumb/v6-m/nofp/libc.a(lib_a-strlen-stub.o)
 .comment       0x0000000000000033       0x34 /usr/lib/gcc/arm-none-eabi/10.3.1/thumb/v6-m/nofp/crtend.o

.debug_line     0x0000000000000000      0x1d2
 .debug_line    0x0000000000000000       0x60 /usr/lib/gcc/arm-none-eabi/10.3.1/thumb/v6-m/nofp/libgcc.a(_dvmd_tls.o)
 .debug_line    0x0000000000000060      0x172 /usr/lib/gcc/arm-none-eabi/10.3.1/../../../arm-none-eabi/lib/thumb/v6-m/nofp/libc.a(lib_a-strlen-stub.o)

.debug_info     0x0000000000000000      0x114
 .debug_info    0x0000000000000000       0x26 /usr/lib/gcc/arm-none-eabi/10.3.1/thumb/v6-m/nofp/libgcc.a(_dvmd_tls.o)
 .debug_info    0x0000000000000026       0xee /usr/lib/gcc/arm-none-eabi/10.3.1/../../../arm-none-eabi/lib/thumb/v6-m/nofp/libc.a(lib_a-strlen-stub.o)

.debug_abbrev   0x0000000000000000       0xa3
 .debug_abbrev  0x0000000000000000       0x14 /usr/lib/gcc/arm-none-eabi/10.3.1/thumb/v6-m/nofp/libgcc.a(_dvmd_tls.o)
 .debug_abbrev  0x0000000000000014       0x8f /usr/lib/gcc/arm-none-eabi/10.3.1/../../../arm-none-eabi/lib/thumb/v6-m/nofp/libc.a(lib_a-strlen-stub.o)

.debug_aranges  0x0000000000000000       0x40
 .debug_aranges
                0x0000000000000000       0x20 /usr/lib/gcc/arm-none-eabi/10.3.1/thumb/v6-m/nofp/libgcc.a(_dvmd_tls.o)
 .debug_aranges
                0x0000000000000020       0x20 /usr/lib/gcc/arm-none-eabi/10.3.1/../../../arm-none-eabi/lib/thumb/v6-m/nofp/libc.a(lib_a-strlen-stub.o)

.debug_str      0x0000000000000000      0x232
 .debug_str     0x0000000000000000       0xa6 /usr/lib/gcc/arm-none-eabi/10.3.1/thumb/v6-m/nofp/libgcc.a(_dvmd_tls.o)
 .debug_str     0x00000000000000a6      0x18c /usr/lib/gcc/arm-none-eabi/10.3.1/../../../arm-none-eabi/lib/thumb/v6-m/nofp/libc.a(lib_a-strlen-stub.o)
                                        0x1c5 (size before relaxing)

.debug_loc      0x0000000000000000       0x90
 .debug_loc     0x0000000000000000       0x90 /usr/lib/gcc/arm-none-eabi/10.3.1/../../../arm-none-eabi/lib/thumb/v6-m/nofp/libc.a(lib_a-strlen-stub.o)

.debug_frame    0x0000000000000000       0x28
 .debug_frame   0x0000000000000000       0x28 /usr/lib/gcc/arm-none-eabi/10.3.1/../../../arm-none-eabi/lib/thumb/v6-m/nofp/libc.a(lib_a-strlen-stub.o)
